// Jest Snapshot v1, https://goo.gl/fbAQLP

exports[`CreatePresentationPage matches snapshot 1`] = `
<DocumentFragment>
  <div
    class="max-w-xl mx-auto mt-10 p-4 border rounded shadow space-y-6"
  >
    <h1
      class="text-2xl font-bold"
    >
      Crear Presentaci√≥n
    </h1>
    <form
      data-testid="presentation-create-form"
    />
  </div>
</DocumentFragment>
`;
